/Users/albert/repos/test/xcresultcovnersion/XCResultConversion/Tests/ObjectiveCTest.m:
 1: *
 2: *
 3: *
 4: *
 5: *
 6: *
 7: *
 8: *
 9: *
10: *
11: *
12: *
13: *
14: *
15: *
16: 1
17: 1
18: 1
19: *
20: 1
21: 1
22: 1
23: *
24: 1
25: 1
26: 1

/Users/albert/repos/test/xcresultcovnersion/XCResultConversion/Tests/ObjectiveCTestWithFailingSetup.m:
 1: *
 2: *
 3: *
 4: *
 5: *
 6: *
 7: *
 8: *
 9: *
10: *
11: *
12: *
13: *
14: *
15: *
16: 1
17: 1
18: 1
19: 1
20: 1
21: 1
22: 1
23: *
24: *
25: 0
26: 0
27: 0

/Users/albert/repos/test/xcresultcovnersion/XCResultConversion/Tests/SwiftTest.swift:
 1: *
 2: *
 3: *
 4: *
 5: *
 6: *
 7: *
 8: *
 9: *
10: *
11: *
12: *
13: 1
14: 1
15: 1
16: 1
17: *
18: 1
19: 1
20: 1
21: *
22: 1
23: 1
24: 1
25: 1
26: 1
27: *
28: 1
29: 1
30: 1
31: 1
32: 1
33: 1
34: 1
35: *
36: 1
37: 1
38: 1
39: 0 [
(1, 8, 1)
]
40: 0
41: *
42: 1
43: 1
44: 1

/Users/albert/repos/test/xcresultcovnersion/XCResultConversion/Tests/SwiftTestWithFailingSetup.swift:
 1: *
 2: *
 3: *
 4: *
 5: *
 6: *
 7: *
 8: *
 9: *
10: *
11: *
12: *
13: *
14: *
15: *
16: 1
17: 1
18: 1
19: *
20: 0
21: 0
22: 0

/Users/albert/repos/test/xcresultcovnersion/XCResultConversion/XCResultConversion/XCResultConversion.swift:
 1: *
 2: *
 3: *
 4: *
 5: *
 6: *
 7: *
 8: *
 9: *
10: *
11: *
12: 1
13: 1
14: 1

